Microchip MPLAB XC8 Compiler V1.37 ()

Linker command line:

-W-3 --edf=C:\Program Files (x86)\Microchip\xc8\v1.37\dat\en_msgs.txt -cs \
  -h+dist/default/production\digital.noise.gen.X.production.sym \
  --cmf=dist/default/production\digital.noise.gen.X.production.cmf -z \
  -Q16F819 -oC:\Users\dhood\AppData\Local\Temp\s7bc.2 \
  -Mdist/default/production/digital.noise.gen.X.production.map -E1 -ver=XC8 \
  -ASTACK=0120h-016fh -pstack=STACK -ACODE=00h-07FFh -ASTRCODE=00h-07FFh \
  -ASTRING=00h-0FFhx8 -ACONST=00h-0FFhx8 -AENTRY=00h-0FFhx8 \
  -ACOMMON=070h-07Fh -ABANK0=020h-06Fh -ABANK1=0A0h-0EFh \
  -ABANK2=0120h-016Fh -ARAM=020h-06Fh,0A0h-0EFh,0120h-016Fh \
  -AABS1=020h-07Fh,0A0h-0EFh,0120h-016Fh -ASFR0=00h-01Fh -ASFR1=080h-09Fh \
  -ASFR2=0100h-011Fh -ASFR3=0180h-01EFh \
  -preset_vec=00h,intentry=04h,init,end_init -ppowerup=CODE -pcinit=CODE \
  -pfunctab=CODE -ACONFIG=02007h-02007h -pconfig=CONFIG -DCONFIG=2 \
  -AIDLOC=02000h-02003h -pidloc=IDLOC -DIDLOC=2 -AEEDATA=00h-0FFh/02100h \
  -peeprom_data=EEDATA -DEEDATA=2 -DCODE=2 -DSTRCODE=2 -DSTRING=2 -DCONST=2 \
  -DENTRY=2 -k C:\Users\dhood\AppData\Local\Temp\s7bc.obj \
  dist/default/production\digital.noise.gen.X.production.obj 

Object code version is 3.11

Machine type is 16F819



                Name                               Link     Load   Length Selector   Space Scale
C:\Users\dhood\AppData\Local\Temp\s7bc.obj
                end_init                             10       10        1        8       0
                reset_vec                             0        0        1        0       0
                config                             2007     2007        1     400E       0
dist/default/production\digital.noise.gen.X.production.obj
                cinit                                11       11       2C        8       0
                intentry                              4        4        C        8       0
                text17                              6BC      6BC       11        8       0
                text16                              505      505       5C        8       0
                text15                              65C      65C       23        8       0
                text14                              695      695       16        8       0
                text13                              6AB      6AB       11        8       0
                text12                              497      497       6E        8       0
                text11                              231      231       B6        8       0
                text10                              160      160       D1        8       0
                text9                               67F      67F       16        8       0
                text8                                3D       3D      123        8       0
                text7                               6D8      6D8        A        8       0
                text6                               5BB      5BB       40        8       0
                text5                               393      393       8E        8       0
                text4                               5FB      5FB       3C        8       0
                text3                               561      561       5A        8       0
                text2                               421      421       76        8       0
                text1                               637      637       25        8       0
                maintext                            2E7      2E7       AC        8       0
                cstackBANK0                          20       20       46       20       1
                cstackCOMMON                         70       70        C       70       1
                cstackBANK1                          A0       A0       1E       A0       1
                dataBANK1                            BE       BE        B       A0       1
                bssBANK1                             CD       CD        2       A0       1
                dataBANK0                            66       66        5       20       1
                dataCOMMON                           7C       7C        2       70       1
                nvBANK1                              C9       C9        4       A0       1
                idataBANK1                          6CD      6CD        B        8       0
                idataBANK0                          6E2      6E2        5        8       0
                idataCOMMON                         6E7      6E7        2        8       0

TOTAL           Name                               Link     Load   Length     Space
        CLASS   STACK          

        CLASS   CODE           
                end_init                             10       10        1         0
                cinit                                11       11       2C         0
                intentry                              4        4        C         0
                reset_vec                             0        0        1         0
                text17                              6BC      6BC       11         0
                text16                              505      505       5C         0
                text15                              65C      65C       23         0
                text14                              695      695       16         0
                text13                              6AB      6AB       11         0
                text12                              497      497       6E         0
                text11                              231      231       B6         0
                text10                              160      160       D1         0
                text9                               67F      67F       16         0
                text8                                3D       3D      123         0
                text7                               6D8      6D8        A         0
                text6                               5BB      5BB       40         0
                text5                               393      393       8E         0
                text4                               5FB      5FB       3C         0
                text3                               561      561       5A         0
                text2                               421      421       76         0
                text1                               637      637       25         0
                maintext                            2E7      2E7       AC         0
                idataBANK1                          6CD      6CD        B         0
                idataBANK0                          6E2      6E2        5         0
                idataCOMMON                         6E7      6E7        2         0

        CLASS   STRCODE        

        CLASS   STRING         

        CLASS   CONST          

        CLASS   ENTRY          

        CLASS   COMMON         
                cstackCOMMON                         70       70        C         1
                dataCOMMON                           7C       7C        2         1

        CLASS   BANK0          
                cstackBANK0                          20       20       46         1
                dataBANK0                            66       66        5         1

        CLASS   BANK1          
                cstackBANK1                          A0       A0       1E         1
                dataBANK1                            BE       BE        B         1
                bssBANK1                             CD       CD        2         1
                nvBANK1                              C9       C9        4         1

        CLASS   BANK2          

        CLASS   RAM            

        CLASS   ABS1           
                abs_s1                               7E       7E        2         1

        CLASS   SFR0           

        CLASS   SFR1           

        CLASS   SFR2           

        CLASS   SFR3           

        CLASS   CONFIG         
                config                             2007     2007        1         0

        CLASS   IDLOC          

        CLASS   EEDATA         

        CLASS   BANK3          



SEGMENTS        Name                           Load    Length   Top    Selector   Space  Class     Delta

                reset_vec                      000000  000001  000001         0       0  CODE        2
                intentry                       000004  0006E5  0006E9         8       0  CODE        2
                cstackBANK0                    000020  00004B  00006B        20       1  BANK0       1
                cstackCOMMON                   000070  00000E  00007E        70       1  COMMON      1
                cstackBANK1                    0000A0  00002F  0000CF        A0       1  BANK1       1
                config                         002007  000001  002008      400E       0  CONFIG      2


UNUSED ADDRESS RANGES

        Name                Unused          Largest block    Delta
        BANK0            006B-006F              5           1
        BANK1            00CF-00EF             21           1
        BANK2            0120-016F             50           1
        CODE             0001-0003              3           2
                         06E9-07FF            117
        CONST            0001-0003              3           2
                         06E9-07FF             17
        EEDATA           2100-21FF            100           2
        ENTRY            0001-0003              3           2
                         06E9-07FF             17
        IDLOC            2000-2003              4           2
        RAM              006B-006F              5           1
                         00CF-00EF             21
                         0120-016F             50
        SFR0             0000-001F             20           1
        SFR1             0080-009F             20           1
        SFR2             0100-011F             20           1
        SFR3             0180-01EF             70           1
        STACK            0120-016F             50           1
        STRCODE          0001-0003              3           2
                         06E9-07FF            117
        STRING           0001-0003              3           2
                         06E9-07FF             17

                                  Symbol Table

?___altoft               cstackBANK0  005A
?___ftadd                cstackBANK1  00A8
?___ftdiv                cstackBANK0  002C
?___ftmul                cstackBANK0  003C
?___ftneg                cstackBANK1  00A5
?___ftpack               cstackBANK0  0024
?___fttol                cstackBANK0  004C
?___lwtoft               cstackBANK0  002C
?_round                  cstackBANK1  00B5
?_trunc                  cstackBANK0  0062
_ADCON1                  (abs)        009F
_CCP1M2                  (abs)        00BA
_CCP1M3                  (abs)        00BB
_CCP1X                   (abs)        00BD
_CCP1Y                   (abs)        00BC
_CCPR1L                  (abs)        0015
_GIE                     (abs)        005F
_IRCF0                   (abs)        047C
_IRCF1                   (abs)        047D
_IRCF2                   (abs)        047E
_PORTA                   (abs)        0005
_PR2                     (abs)        0092
_T0CS                    (abs)        040D
_T2CKPS0                 (abs)        0090
_T2CKPS1                 (abs)        0091
_TMR0IE                  (abs)        005D
_TMR0IF                  (abs)        005A
_TMR2ON                  (abs)        0092
_TRISA                   (abs)        0085
_TRISB                   (abs)        0086
__CFG_CCPMX$RB3          (abs)        0000
__CFG_FOSC$HS            (abs)        0000
__CFG_LVP$OFF            (abs)        0000
__CFG_PWRTE$ON           (abs)        0000
__CFG_WDTE$OFF           (abs)        0000
__Habs1                  abs1         0000
__Hbank0                 bank0        0000
__Hbank1                 bank1        0000
__Hbank2                 bank2        0000
__Hbank3                 bank3        0000
__HbssBANK1              bssBANK1     0000
__Hcinit                 cinit        003D
__Hclrtext               clrtext      0000
__Hcode                  code         0000
__Hcommon                common       0000
__Hconfig                config       2008
__HcstackBANK0           cstackBANK0  0000
__HcstackBANK1           cstackBANK1  0000
__HcstackCOMMON          cstackCOMMON 0000
__HdataBANK0             dataBANK0    0000
__HdataBANK1             dataBANK1    0000
__HdataCOMMON            dataCOMMON   0000
__Heeprom_data           eeprom_data  0000
__Hend_init              end_init     0011
__Hfunctab               functab      0000
__HidataBANK0            idataBANK0   0000
__HidataBANK1            idataBANK1   0000
__HidataCOMMON           idataCOMMON  0000
__Hidloc                 idloc        0000
__Hinit                  init         0010
__Hintentry              intentry     0010
__Hmaintext              maintext     0000
__HnvBANK1               nvBANK1      0000
__Hpowerup               powerup      0000
__Hram                   ram          0000
__Hreset_vec             reset_vec    0001
__Hsfr0                  sfr0         0000
__Hsfr1                  sfr1         0000
__Hsfr2                  sfr2         0000
__Hsfr3                  sfr3         0000
__Hspace_0               (abs)        2008
__Hspace_1               (abs)        00CF
__Hspace_2               (abs)        0000
__Hspace_3               (abs)        0000
__Hstack                 stack        0000
__Hstrings               strings      0000
__Htext                  text         0000
__Labs1                  abs1         0000
__Lbank0                 bank0        0000
__Lbank1                 bank1        0000
__Lbank2                 bank2        0000
__Lbank3                 bank3        0000
__LbssBANK1              bssBANK1     0000
__Lcinit                 cinit        0011
__Lclrtext               clrtext      0000
__Lcode                  code         0000
__Lcommon                common       0000
__Lconfig                config       2007
__LcstackBANK0           cstackBANK0  0000
__LcstackBANK1           cstackBANK1  0000
__LcstackCOMMON          cstackCOMMON 0000
__LdataBANK0             dataBANK0    0000
__LdataBANK1             dataBANK1    0000
__LdataCOMMON            dataCOMMON   0000
__Leeprom_data           eeprom_data  0000
__Lend_init              end_init     0010
__Lfunctab               functab      0000
__LidataBANK0            idataBANK0   0000
__LidataBANK1            idataBANK1   0000
__LidataCOMMON           idataCOMMON  0000
__Lidloc                 idloc        0000
__Linit                  init         0010
__Lintentry              intentry     0004
__Lmaintext              maintext     0000
__LnvBANK1               nvBANK1      0000
__Lpowerup               powerup      0000
__Lram                   ram          0000
__Lreset_vec             reset_vec    0000
__Lsfr0                  sfr0         0000
__Lsfr1                  sfr1         0000
__Lsfr2                  sfr2         0000
__Lsfr3                  sfr3         0000
__Lspace_0               (abs)        0000
__Lspace_1               (abs)        0000
__Lspace_2               (abs)        0000
__Lspace_3               (abs)        0000
__Lstack                 stack        0000
__Lstrings               strings      0000
__Ltext                  text         0000
__S0                     (abs)        2008
__S1                     (abs)        00CF
__S2                     (abs)        0000
__S3                     (abs)        0000
___altoft                text6        05BB
___altoft@c              cstackBANK0  005A
___altoft@exp            cstackBANK0  0060
___altoft@sign           cstackBANK0  0061
___bmul                  text17       06BC
___bmul@multiplicand     cstackCOMMON 0070
___bmul@multiplier       cstackCOMMON 0073
___bmul@product          cstackCOMMON 0072
___ftadd                 text8        003D
___ftadd@exp1            cstackBANK1  00B4
___ftadd@exp2            cstackBANK1  00B3
___ftadd@f1              cstackBANK1  00A8
___ftadd@f2              cstackBANK1  00AB
___ftadd@sign            cstackBANK1  00B2
___ftdiv                 text11       0231
___ftdiv@cntr            cstackBANK0  0036
___ftdiv@exp             cstackBANK0  003A
___ftdiv@f1              cstackBANK0  002F
___ftdiv@f2              cstackBANK0  002C
___ftdiv@f3              cstackBANK0  0037
___ftdiv@sign            cstackBANK0  003B
___ftmul                 text10       0160
___ftmul@cntr            cstackBANK0  004A
___ftmul@exp             cstackBANK0  0046
___ftmul@f1              cstackBANK0  003C
___ftmul@f2              cstackBANK0  003F
___ftmul@f3_as_product   cstackBANK0  0047
___ftmul@sign            cstackBANK0  004B
___ftneg                 text7        06D8
___ftneg@f1              cstackBANK1  00A5
___ftpack                text12       0497
___ftpack@arg            cstackBANK0  0024
___ftpack@exp            cstackBANK0  0027
___ftpack@sign           cstackBANK0  0028
___fttol                 text5        0393
___fttol@exp1            cstackBANK0  0059
___fttol@f1              cstackBANK0  004C
___fttol@lval            cstackBANK0  0055
___fttol@sign1           cstackBANK0  0054
___int_sp                stack        0000
___latbits               (abs)        0000
___lwtoft                text9        067F
___lwtoft@c              cstackBANK0  002C
___sp                    stack        0000
__end_of___altoft        text6        05FB
__end_of___bmul          text17       06CD
__end_of___ftadd         text8        0160
__end_of___ftdiv         text11       02E7
__end_of___ftmul         text10       0231
__end_of___ftneg         text7        06E2
__end_of___ftpack        text12       0505
__end_of___fttol         text5        0421
__end_of___lwtoft        text9        0695
__end_of__initialization cinit        003B
__end_of_advance_wave    text14       06AB
__end_of_frexp           text4        0637
__end_of_isr             text13       06BC
__end_of_main            maintext     0393
__end_of_round           text2        0497
__end_of_trunc           text3        05BB
__end_of_update_duty     text1        065C
__end_of_xorgen          text16       0561
__end_ofi1_update_duty   text15       067F
__initialization         cinit        0011
__pbssBANK1              bssBANK1     00CD
__pcstackBANK0           cstackBANK0  0020
__pcstackBANK1           cstackBANK1  00A0
__pcstackCOMMON          cstackCOMMON 0070
__pdataBANK0             dataBANK0    0066
__pdataBANK1             dataBANK1    00BE
__pdataCOMMON            dataCOMMON   007C
__pidataBANK0            idataBANK0   06E2
__pidataBANK1            idataBANK1   06CD
__pidataCOMMON           idataCOMMON  06E7
__pintentry              intentry     0004
__pmaintext              maintext     02E7
__pnvBANK1               nvBANK1      00C9
__ptext1                 text1        0637
__ptext10                text10       0160
__ptext11                text11       0231
__ptext12                text12       0497
__ptext13                text13       06AB
__ptext14                text14       0695
__ptext15                text15       065C
__ptext16                text16       0505
__ptext17                text17       06BC
__ptext2                 text2        0421
__ptext3                 text3        0561
__ptext4                 text4        05FB
__ptext5                 text5        0393
__ptext6                 text6        05BB
__ptext7                 text7        06D8
__ptext8                 text8        003D
__ptext9                 text9        067F
__size_of___altoft       (abs)        0000
__size_of___bmul         (abs)        0000
__size_of___ftadd        (abs)        0000
__size_of___ftdiv        (abs)        0000
__size_of___ftmul        (abs)        0000
__size_of___ftneg        (abs)        0000
__size_of___ftpack       (abs)        0000
__size_of___fttol        (abs)        0000
__size_of___lwtoft       (abs)        0000
__size_of_advance_wave   (abs)        0000
__size_of_frexp          (abs)        0000
__size_of_isr            (abs)        0000
__size_of_main           (abs)        0000
__size_of_round          (abs)        0000
__size_of_trunc          (abs)        0000
__size_of_update_duty    (abs)        0000
__size_of_xorgen         (abs)        0000
__size_ofi1_update_duty  (abs)        0000
_advance_wave            text14       0695
_delta                   nvBANK1      00C9
_duty                    nvBANK1      00CB
_duty_max                dataBANK1    00C4
_duty_max2               dataBANK1    00C6
_freq                    dataBANK1    00BE
_frexp                   text4        05FB
_isr                     text13       06AB
_main                    maintext     02E7
_main$513                cstackBANK1  00BB
_round                   text2        0421
_sample_rate             dataBANK1    00C1
_trunc                   text3        0561
_update_duty             text1        0637
_xorgen                  text16       0505
_xorgen$514              cstackCOMMON 0078
btemp                    (abs)        007E
end_of_initialization    cinit        003B
frexp@eptr               cstackBANK0  0027
frexp@value              cstackBANK0  0024
i1_update_duty           text15       065C
i1update_duty@value      cstackCOMMON 0070
interrupt_function       intentry     0004
intlevel0                functab      0000
intlevel1                functab      0000
intlevel2                functab      0000
intlevel3                functab      0000
intlevel4                functab      0000
intlevel5                functab      0000
ltemp                    (abs)        007E
ltemp0                   (abs)        007E
ltemp1                   (abs)        0082
ltemp2                   (abs)        0086
ltemp3                   (abs)        0080
reset_vec                reset_vec    0000
round@f                  cstackBANK1  00B8
round@x                  cstackBANK1  00B5
saved_w                  (abs)        007E
stackhi                  (abs)        0000
stacklo                  (abs)        0000
start                    init         0010
start_initialization     cinit        0011
trunc@expon              cstackBANK1  00A3
trunc@i                  cstackBANK1  00A0
trunc@x                  cstackBANK0  0062
ttemp                    (abs)        007E
ttemp0                   (abs)        007E
ttemp1                   (abs)        0081
ttemp2                   (abs)        0084
ttemp3                   (abs)        0087
ttemp4                   (abs)        007F
update_duty@value        cstackBANK0  0024
wtemp                    (abs)        007E
wtemp0                   (abs)        007E
wtemp1                   (abs)        0080
wtemp2                   (abs)        0082
wtemp3                   (abs)        0084
wtemp4                   (abs)        0086
wtemp5                   (abs)        0088
wtemp6                   (abs)        007F
xorgen@s                 dataBANK1    00C8
xorgen@t                 cstackCOMMON 0079
xorgen@u                 dataBANK0    0066
xorgen@v                 dataBANK0    0067
xorgen@w                 dataBANK0    0068
xorgen@x                 dataBANK0    0069
xorgen@xx                dataCOMMON   007C
xorgen@y                 dataCOMMON   007D
xorgen@z                 dataBANK0    006A


FUNCTION INFORMATION:

 *************** function _main *****************
 Defined at:
		line 43 in file "main.c"
 Parameters:    Size  Location     Type
		None
 Auto vars:     Size  Location     Type
		None
 Return value:  Size  Location     Type
                  1    wreg      void 
 Registers used:
		wreg, fsr0l, fsr0h, status,2, status,0, btemp+1, pclath, cstack
 Tracked objects:
		On entry : 
		On exit  : 
		Unchanged: 
 Data sizes:     COMMON   BANK0   BANK1   BANK2
      Params:         0       0       0       0
      Locals:         0       0       3       0
      Temps:          0       0       0       0
      Totals:         0       0       3       0
Total ram usage:        3 bytes
 Hardware stack levels required when called:    8
 This function calls:
		___ftdiv
		___ftmul
		___fttol
		___lwtoft
		_round
		_update_duty
 This function is called by:
		Startup code after reset
 This function uses a non-reentrant model


 *************** function _update_duty *****************
 Defined at:
		line 27 in file "main.c"
 Parameters:    Size  Location     Type
  value           2    4[BANK0 ] unsigned int 
 Auto vars:     Size  Location     Type
		None
 Return value:  Size  Location     Type
                  1    wreg      void 
 Registers used:
		wreg, status,2, status,0
 Tracked objects:
		On entry : 
		On exit  : 
		Unchanged: 
 Data sizes:     COMMON   BANK0   BANK1   BANK2
      Params:         0       2       0       0
      Locals:         0       0       0       0
      Temps:          0       0       0       0
      Totals:         0       2       0       0
Total ram usage:        2 bytes
 Hardware stack levels used:    1
 Hardware stack levels required when called:    4
 This function calls:
		Nothing
 This function is called by:
		_main
 This function uses a non-reentrant model


 *************** function _round *****************
 Defined at:
		line 6 in file "C:\Program Files (x86)\Microchip\xc8\v1.37\sources\common\round.c"
 Parameters:    Size  Location     Type
  x               3   21[BANK1 ] void 
 Auto vars:     Size  Location     Type
  f               3   24[BANK1 ] void 
 Return value:  Size  Location     Type
                  3   21[BANK1 ] void 
 Registers used:
		wreg, fsr0l, fsr0h, status,2, status,0, btemp+1, pclath, cstack
 Tracked objects:
		On entry : 
		On exit  : 
		Unchanged: 
 Data sizes:     COMMON   BANK0   BANK1   BANK2
      Params:         0       0       3       0
      Locals:         0       0       3       0
      Temps:          0       0       0       0
      Totals:         0       0       6       0
Total ram usage:        6 bytes
 Hardware stack levels used:    1
 Hardware stack levels required when called:    7
 This function calls:
		___ftadd
		___ftneg
		_trunc
 This function is called by:
		_main
 This function uses a non-reentrant model


 *************** function _trunc *****************
 Defined at:
		line 13 in file "C:\Program Files (x86)\Microchip\xc8\v1.37\sources\common\trunc.c"
 Parameters:    Size  Location     Type
  x               3   66[BANK0 ] void 
 Auto vars:     Size  Location     Type
  i               3    0[BANK1 ] void 
  expon           2    3[BANK1 ] int 
 Return value:  Size  Location     Type
                  3   66[BANK0 ] int 
 Registers used:
		wreg, fsr0l, fsr0h, status,2, status,0, btemp+1, pclath, cstack
 Tracked objects:
		On entry : 
		On exit  : 
		Unchanged: 
 Data sizes:     COMMON   BANK0   BANK1   BANK2
      Params:         0       3       0       0
      Locals:         0       0       5       0
      Temps:          0       1       0       0
      Totals:         0       4       5       0
Total ram usage:        9 bytes
 Hardware stack levels used:    1
 Hardware stack levels required when called:    6
 This function calls:
		___altoft
		___fttol
		_frexp
 This function is called by:
		_round
 This function uses a non-reentrant model


 *************** function _frexp *****************
 Defined at:
		line 254 in file "C:\Program Files (x86)\Microchip\xc8\v1.37\sources\common\frexp.c"
 Parameters:    Size  Location     Type
  value           3    4[BANK0 ] int 
  eptr            1    7[BANK0 ] PTR int 
		 -> trunc@expon(2), 
 Auto vars:     Size  Location     Type
		None
 Return value:  Size  Location     Type
                  3    4[BANK0 ] PTR int 
 Registers used:
		wreg, fsr0l, fsr0h, status,2, status,0, btemp+1
 Tracked objects:
		On entry : 
		On exit  : 
		Unchanged: 
 Data sizes:     COMMON   BANK0   BANK1   BANK2
      Params:         0       4       0       0
      Locals:         0       0       0       0
      Temps:          0       2       0       0
      Totals:         0       6       0       0
Total ram usage:        6 bytes
 Hardware stack levels used:    1
 Hardware stack levels required when called:    4
 This function calls:
		Nothing
 This function is called by:
		_trunc
 This function uses a non-reentrant model


 *************** function ___fttol *****************
 Defined at:
		line 44 in file "C:\Program Files (x86)\Microchip\xc8\v1.37\sources\common\fttol.c"
 Parameters:    Size  Location     Type
  f1              3   44[BANK0 ] float 
 Auto vars:     Size  Location     Type
  lval            4   53[BANK0 ] unsigned long 
  exp1            1   57[BANK0 ] unsigned char 
  sign1           1   52[BANK0 ] unsigned char 
 Return value:  Size  Location     Type
                  4   44[BANK0 ] long 
 Registers used:
		wreg, status,2, status,0
 Tracked objects:
		On entry : 
		On exit  : 
		Unchanged: 
 Data sizes:     COMMON   BANK0   BANK1   BANK2
      Params:         0       4       0       0
      Locals:         0       6       0       0
      Temps:          0       4       0       0
      Totals:         0      14       0       0
Total ram usage:       14 bytes
 Hardware stack levels used:    1
 Hardware stack levels required when called:    4
 This function calls:
		Nothing
 This function is called by:
		_main
		_trunc
		_convert_to_duty
 This function uses a non-reentrant model


 *************** function ___altoft *****************
 Defined at:
		line 42 in file "C:\Program Files (x86)\Microchip\xc8\v1.37\sources\common\altoft.c"
 Parameters:    Size  Location     Type
  c               4   58[BANK0 ] long 
 Auto vars:     Size  Location     Type
  sign            1   65[BANK0 ] unsigned char 
  exp             1   64[BANK0 ] unsigned char 
 Return value:  Size  Location     Type
                  3   58[BANK0 ] float 
 Registers used:
		wreg, status,2, status,0, pclath, cstack
 Tracked objects:
		On entry : 
		On exit  : 
		Unchanged: 
 Data sizes:     COMMON   BANK0   BANK1   BANK2
      Params:         0       4       0       0
      Locals:         0       2       0       0
      Temps:          0       2       0       0
      Totals:         0       8       0       0
Total ram usage:        8 bytes
 Hardware stack levels used:    1
 Hardware stack levels required when called:    5
 This function calls:
		___ftpack
 This function is called by:
		_trunc
 This function uses a non-reentrant model


 *************** function ___ftneg *****************
 Defined at:
		line 15 in file "C:\Program Files (x86)\Microchip\xc8\v1.37\sources\common\ftneg.c"
 Parameters:    Size  Location     Type
  f1              3    5[BANK1 ] float 
 Auto vars:     Size  Location     Type
		None
 Return value:  Size  Location     Type
                  3    5[BANK1 ] float 
 Registers used:
		wreg
 Tracked objects:
		On entry : 
		On exit  : 
		Unchanged: 
 Data sizes:     COMMON   BANK0   BANK1   BANK2
      Params:         0       0       3       0
      Locals:         0       0       0       0
      Temps:          0       0       0       0
      Totals:         0       0       3       0
Total ram usage:        3 bytes
 Hardware stack levels used:    1
 Hardware stack levels required when called:    4
 This function calls:
		Nothing
 This function is called by:
		_round
 This function uses a non-reentrant model


 *************** function ___ftadd *****************
 Defined at:
		line 86 in file "C:\Program Files (x86)\Microchip\xc8\v1.37\sources\common\ftadd.c"
 Parameters:    Size  Location     Type
  f1              3    8[BANK1 ] float 
  f2              3   11[BANK1 ] float 
 Auto vars:     Size  Location     Type
  exp1            1   20[BANK1 ] unsigned char 
  exp2            1   19[BANK1 ] unsigned char 
  sign            1   18[BANK1 ] unsigned char 
 Return value:  Size  Location     Type
                  3    8[BANK1 ] float 
 Registers used:
		wreg, status,2, status,0, pclath, cstack
 Tracked objects:
		On entry : 
		On exit  : 
		Unchanged: 
 Data sizes:     COMMON   BANK0   BANK1   BANK2
      Params:         0       0       6       0
      Locals:         0       0       3       0
      Temps:          0       0       4       0
      Totals:         0       0      13       0
Total ram usage:       13 bytes
 Hardware stack levels used:    1
 Hardware stack levels required when called:    5
 This function calls:
		___ftpack
 This function is called by:
		_round
 This function uses a non-reentrant model


 *************** function ___lwtoft *****************
 Defined at:
		line 28 in file "C:\Program Files (x86)\Microchip\xc8\v1.37\sources\common\lwtoft.c"
 Parameters:    Size  Location     Type
  c               2   12[BANK0 ] unsigned int 
 Auto vars:     Size  Location     Type
		None
 Return value:  Size  Location     Type
                  3   12[BANK0 ] float 
 Registers used:
		wreg, status,2, status,0, pclath, cstack
 Tracked objects:
		On entry : 
		On exit  : 
		Unchanged: 
 Data sizes:     COMMON   BANK0   BANK1   BANK2
      Params:         0       3       0       0
      Locals:         0       0       0       0
      Temps:          0       1       0       0
      Totals:         0       4       0       0
Total ram usage:        4 bytes
 Hardware stack levels used:    1
 Hardware stack levels required when called:    5
 This function calls:
		___ftpack
 This function is called by:
		_main
		_convert_to_duty
 This function uses a non-reentrant model


 *************** function ___ftmul *****************
 Defined at:
		line 62 in file "C:\Program Files (x86)\Microchip\xc8\v1.37\sources\common\ftmul.c"
 Parameters:    Size  Location     Type
  f1              3   28[BANK0 ] float 
  f2              3   31[BANK0 ] float 
 Auto vars:     Size  Location     Type
  f3_as_produc    3   39[BANK0 ] unsigned um
  sign            1   43[BANK0 ] unsigned char 
  cntr            1   42[BANK0 ] unsigned char 
  exp             1   38[BANK0 ] unsigned char 
 Return value:  Size  Location     Type
                  3   28[BANK0 ] float 
 Registers used:
		wreg, status,2, status,0, pclath, cstack
 Tracked objects:
		On entry : 
		On exit  : 
		Unchanged: 
 Data sizes:     COMMON   BANK0   BANK1   BANK2
      Params:         0       6       0       0
      Locals:         0       6       0       0
      Temps:          0       4       0       0
      Totals:         0      16       0       0
Total ram usage:       16 bytes
 Hardware stack levels used:    1
 Hardware stack levels required when called:    5
 This function calls:
		___ftpack
 This function is called by:
		_main
		_convert_to_duty
 This function uses a non-reentrant model


 *************** function ___ftdiv *****************
 Defined at:
		line 56 in file "C:\Program Files (x86)\Microchip\xc8\v1.37\sources\common\ftdiv.c"
 Parameters:    Size  Location     Type
  f2              3   12[BANK0 ] float 
  f1              3   15[BANK0 ] float 
 Auto vars:     Size  Location     Type
  f3              3   23[BANK0 ] float 
  sign            1   27[BANK0 ] unsigned char 
  exp             1   26[BANK0 ] unsigned char 
  cntr            1   22[BANK0 ] unsigned char 
 Return value:  Size  Location     Type
                  3   12[BANK0 ] float 
 Registers used:
		wreg, status,2, status,0, pclath, cstack
 Tracked objects:
		On entry : 
		On exit  : 
		Unchanged: 
 Data sizes:     COMMON   BANK0   BANK1   BANK2
      Params:         0       6       0       0
      Locals:         0       6       0       0
      Temps:          0       4       0       0
      Totals:         0      16       0       0
Total ram usage:       16 bytes
 Hardware stack levels used:    1
 Hardware stack levels required when called:    5
 This function calls:
		___ftpack
 This function is called by:
		_main
 This function uses a non-reentrant model


 *************** function ___ftpack *****************
 Defined at:
		line 62 in file "C:\Program Files (x86)\Microchip\xc8\v1.37\sources\common\float.c"
 Parameters:    Size  Location     Type
  arg             3    4[BANK0 ] unsigned um
  exp             1    7[BANK0 ] unsigned char 
  sign            1    8[BANK0 ] unsigned char 
 Auto vars:     Size  Location     Type
		None
 Return value:  Size  Location     Type
                  3    4[BANK0 ] float 
 Registers used:
		wreg, status,2, status,0
 Tracked objects:
		On entry : 
		On exit  : 
		Unchanged: 
 Data sizes:     COMMON   BANK0   BANK1   BANK2
      Params:         0       5       0       0
      Locals:         0       0       0       0
      Temps:          0       3       0       0
      Totals:         0       8       0       0
Total ram usage:        8 bytes
 Hardware stack levels used:    1
 Hardware stack levels required when called:    4
 This function calls:
		Nothing
 This function is called by:
		___altoft
		___ftadd
		___ftdiv
		___ftmul
		___lwtoft
 This function uses a non-reentrant model


 *************** function _isr *****************
 Defined at:
		line 136 in file "main.c"
 Parameters:    Size  Location     Type
		None
 Auto vars:     Size  Location     Type
		None
 Return value:  Size  Location     Type
                  1    wreg      void 
 Registers used:
		wreg, status,2, status,0, pclath, cstack
 Tracked objects:
		On entry : 
		On exit  : 
		Unchanged: 
 Data sizes:     COMMON   BANK0   BANK1   BANK2
      Params:         0       0       0       0
      Locals:         0       0       0       0
      Temps:          0       4       0       0
      Totals:         0       4       0       0
Total ram usage:        4 bytes
 Hardware stack levels used:    1
 Hardware stack levels required when called:    3
 This function calls:
		_advance_wave
 This function is called by:
		Interrupt level 1
 This function uses a non-reentrant model


 *************** function _advance_wave *****************
 Defined at:
		line 115 in file "main.c"
 Parameters:    Size  Location     Type
		None
 Auto vars:     Size  Location     Type
		None
 Return value:  Size  Location     Type
                  1    wreg      void 
 Registers used:
		wreg, status,2, status,0, pclath, cstack
 Tracked objects:
		On entry : 
		On exit  : 
		Unchanged: 
 Data sizes:     COMMON   BANK0   BANK1   BANK2
      Params:         0       0       0       0
      Locals:         0       0       0       0
      Temps:          2       0       0       0
      Totals:         2       0       0       0
Total ram usage:        2 bytes
 Hardware stack levels used:    1
 Hardware stack levels required when called:    2
 This function calls:
		_xorgen
		i1_update_duty
 This function is called by:
		_isr
 This function uses a non-reentrant model


 *************** function i1_update_duty *****************
 Defined at:
		line 27 in file "main.c"
 Parameters:    Size  Location     Type
  value           2    0[COMMON] unsigned int 
 Auto vars:     Size  Location     Type
		None
 Return value:  Size  Location     Type
                  1    wreg      void 
 Registers used:
		wreg, status,2, status,0
 Tracked objects:
		On entry : 
		On exit  : 
		Unchanged: 
 Data sizes:     COMMON   BANK0   BANK1   BANK2
      Params:         2       0       0       0
      Locals:         0       0       0       0
      Temps:          0       0       0       0
      Totals:         2       0       0       0
Total ram usage:        2 bytes
 Hardware stack levels used:    1
 This function calls:
		Nothing
 This function is called by:
		_advance_wave
 This function uses a non-reentrant model


 *************** function _xorgen *****************
 Defined at:
		line 97 in file "main.c"
 Parameters:    Size  Location     Type
		None
 Auto vars:     Size  Location     Type
  t               1    9[COMMON] unsigned char 
 Return value:  Size  Location     Type
                  1    wreg      unsigned char 
 Registers used:
		wreg, status,2, status,0, pclath, cstack
 Tracked objects:
		On entry : 
		On exit  : 
		Unchanged: 
 Data sizes:     COMMON   BANK0   BANK1   BANK2
      Params:         0       0       0       0
      Locals:         2       0       0       0
      Temps:          4       0       0       0
      Totals:         6       0       0       0
Total ram usage:        6 bytes
 Hardware stack levels used:    1
 Hardware stack levels required when called:    1
 This function calls:
		___bmul
 This function is called by:
		_advance_wave
 This function uses a non-reentrant model


 *************** function ___bmul *****************
 Defined at:
		line 4 in file "C:\Program Files (x86)\Microchip\xc8\v1.37\sources\common\Umul8.c"
 Parameters:    Size  Location     Type
  multiplier      1    wreg     unsigned char 
  multiplicand    1    0[COMMON] unsigned char 
 Auto vars:     Size  Location     Type
  multiplier      1    3[COMMON] unsigned char 
  product         1    2[COMMON] unsigned char 
 Return value:  Size  Location     Type
                  1    wreg      unsigned char 
 Registers used:
		wreg, status,2, status,0
 Tracked objects:
		On entry : 
		On exit  : 
		Unchanged: 
 Data sizes:     COMMON   BANK0   BANK1   BANK2
      Params:         1       0       0       0
      Locals:         2       0       0       0
      Temps:          1       0       0       0
      Totals:         4       0       0       0
Total ram usage:        4 bytes
 Hardware stack levels used:    1
 This function calls:
		Nothing
 This function is called by:
		_xorgen
 This function uses a non-reentrant model



MODULE INFORMATION

Module		Function		Class		Link	Load	Size
C:\Program Files (x86)\Microchip\xc8\v1.37\sources\common\altoft.c
		___altoft      		CODE           	05BB	0000	65

C:\Program Files (x86)\Microchip\xc8\v1.37\sources\common\altoft.c estimated size: 65

C:\Program Files (x86)\Microchip\xc8\v1.37\sources\common\ftdiv.c
		___ftdiv       		CODE           	0231	0000	183

C:\Program Files (x86)\Microchip\xc8\v1.37\sources\common\ftdiv.c estimated size: 183

C:\Program Files (x86)\Microchip\xc8\v1.37\sources\common\fttol.c
		___fttol       		CODE           	0393	0000	143

C:\Program Files (x86)\Microchip\xc8\v1.37\sources\common\fttol.c estimated size: 143

C:\Program Files (x86)\Microchip\xc8\v1.37\sources\common\ftadd.c
		___ftadd       		CODE           	003D	0000	292

C:\Program Files (x86)\Microchip\xc8\v1.37\sources\common\ftadd.c estimated size: 292

C:\Program Files (x86)\Microchip\xc8\v1.37\sources\common\trunc.c
		_trunc         		CODE           	0561	0000	91

C:\Program Files (x86)\Microchip\xc8\v1.37\sources\common\trunc.c estimated size: 91

C:\Program Files (x86)\Microchip\xc8\v1.37\sources\common\Umul8.c
		___bmul        		CODE           	06BC	0000	18

C:\Program Files (x86)\Microchip\xc8\v1.37\sources\common\Umul8.c estimated size: 18

C:\Program Files (x86)\Microchip\xc8\v1.37\sources\common\ftneg.c
		___ftneg       		CODE           	06D8	0000	11

C:\Program Files (x86)\Microchip\xc8\v1.37\sources\common\ftneg.c estimated size: 11

shared
		__initialization		CODE           	0011	0000	43
		i1_update_duty 		CODE           	065C	0000	36

shared estimated size: 79

C:\Program Files (x86)\Microchip\xc8\v1.37\sources\common\round.c
		_round         		CODE           	0421	0000	119

C:\Program Files (x86)\Microchip\xc8\v1.37\sources\common\round.c estimated size: 119

C:\Program Files (x86)\Microchip\xc8\v1.37\sources\common\frexp.c
		_frexp         		CODE           	05FB	0000	61

C:\Program Files (x86)\Microchip\xc8\v1.37\sources\common\frexp.c estimated size: 61

C:\Program Files (x86)\Microchip\xc8\v1.37\sources\common\float.c
		___ftpack      		CODE           	0497	0000	111

C:\Program Files (x86)\Microchip\xc8\v1.37\sources\common\float.c estimated size: 111

main.c
		_advance_wave  		CODE           	0695	0000	23
		_main          		CODE           	02E7	0000	173
		_update_duty   		CODE           	0637	0000	38
		_isr           		CODE           	06AB	0000	18
		_xorgen        		CODE           	0505	0000	93

main.c estimated size: 345

C:\Program Files (x86)\Microchip\xc8\v1.37\sources\common\lwtoft.c
		___lwtoft      		CODE           	067F	0000	23

C:\Program Files (x86)\Microchip\xc8\v1.37\sources\common\lwtoft.c estimated size: 23

C:\Program Files (x86)\Microchip\xc8\v1.37\sources\common\ftmul.c
		___ftmul       		CODE           	0160	0000	210

C:\Program Files (x86)\Microchip\xc8\v1.37\sources\common\ftmul.c estimated size: 210

