Microchip MPLAB XC8 Compiler V1.37 ()

Linker command line:

-W-3 --edf=C:\Program Files (x86)\Microchip\xc8\v1.37\dat\en_msgs.txt -cs \
  -h+dist/default/production\digital.noise.gen.X.production.sym \
  --cmf=dist/default/production\digital.noise.gen.X.production.cmf -z \
  -Q16F819 -oC:\Users\dhood\AppData\Local\Temp\s1hc.2 \
  -Mdist/default/production/digital.noise.gen.X.production.map -E1 -ver=XC8 \
  -ASTACK=0120h-016fh -pstack=STACK -ACODE=00h-07FFh -ASTRCODE=00h-07FFh \
  -ASTRING=00h-0FFhx8 -ACONST=00h-0FFhx8 -AENTRY=00h-0FFhx8 \
  -ACOMMON=070h-07Fh -ABANK0=020h-06Fh -ABANK1=0A0h-0EFh \
  -ABANK2=0120h-016Fh -ARAM=020h-06Fh,0A0h-0EFh,0120h-016Fh \
  -AABS1=020h-07Fh,0A0h-0EFh,0120h-016Fh -ASFR0=00h-01Fh -ASFR1=080h-09Fh \
  -ASFR2=0100h-011Fh -ASFR3=0180h-01EFh \
  -preset_vec=00h,intentry=04h,init,end_init -ppowerup=CODE -pcinit=CODE \
  -pfunctab=CODE -ACONFIG=02007h-02007h -pconfig=CONFIG -DCONFIG=2 \
  -AIDLOC=02000h-02003h -pidloc=IDLOC -DIDLOC=2 -AEEDATA=00h-0FFh/02100h \
  -peeprom_data=EEDATA -DEEDATA=2 -DCODE=2 -DSTRCODE=2 -DSTRING=2 -DCONST=2 \
  -DENTRY=2 -k C:\Users\dhood\AppData\Local\Temp\s1hc.obj \
  dist/default/production\digital.noise.gen.X.production.obj 

Object code version is 3.11

Machine type is 16F819



                Name                               Link     Load   Length Selector   Space Scale
C:\Users\dhood\AppData\Local\Temp\s1hc.obj
                end_init                             10       10        1        8       0
                reset_vec                             0        0        1        0       0
                config                             2007     2007        1     400E       0
dist/default/production\digital.noise.gen.X.production.obj
                cinit                                11       11       1A        8       0
                intentry                              4        4        C        8       0
                text15                              660      660       23        8       0
                text14                              606      606       35        8       0
                text13                              699      699       11        8       0
                text12                              4DC      4DC       6E        8       0
                text11                              24E      24E       B6        8       0
                text10                              17D      17D       D1        8       0
                text9                               683      683       16        8       0
                text8                                2B       2B      152        8       0
                text7                               6AA      6AA        A        8       0
                text6                               58A      58A       40        8       0
                text5                               44E      44E       8E        8       0
                text4                               5CA      5CA       3C        8       0
                text3                               54A      54A       40        8       0
                text2                               3AC      3AC       A2        8       0
                text1                               63B      63B       25        8       0
                maintext                            304      304       A8        8       0
                cstackBANK0                          20       20       50       20       1
                cstackCOMMON                         70       70        8       70       1
                cstackBANK1                          A0       A0       10       A0       1
                dataBANK1                            B0       B0        8       A0       1
                dataCOMMON                           7C       7C        2       70       1
                bssCOMMON                            7A       7A        2       70       1
                nvBANK1                              B8       B8        2       A0       1
                nvCOMMON                             78       78        2       70       1
                idataBANK1                          6B4      6B4        8        8       0
                idataCOMMON                         6BC      6BC        2        8       0

TOTAL           Name                               Link     Load   Length     Space
        CLASS   STACK          

        CLASS   CODE           
                end_init                             10       10        1         0
                cinit                                11       11       1A         0
                intentry                              4        4        C         0
                reset_vec                             0        0        1         0
                text15                              660      660       23         0
                text14                              606      606       35         0
                text13                              699      699       11         0
                text12                              4DC      4DC       6E         0
                text11                              24E      24E       B6         0
                text10                              17D      17D       D1         0
                text9                               683      683       16         0
                text8                                2B       2B      152         0
                text7                               6AA      6AA        A         0
                text6                               58A      58A       40         0
                text5                               44E      44E       8E         0
                text4                               5CA      5CA       3C         0
                text3                               54A      54A       40         0
                text2                               3AC      3AC       A2         0
                text1                               63B      63B       25         0
                maintext                            304      304       A8         0
                idataBANK1                          6B4      6B4        8         0
                idataCOMMON                         6BC      6BC        2         0

        CLASS   STRCODE        

        CLASS   STRING         

        CLASS   CONST          

        CLASS   ENTRY          

        CLASS   COMMON         
                cstackCOMMON                         70       70        8         1
                dataCOMMON                           7C       7C        2         1
                bssCOMMON                            7A       7A        2         1
                nvCOMMON                             78       78        2         1

        CLASS   BANK0          
                cstackBANK0                          20       20       50         1

        CLASS   BANK1          
                cstackBANK1                          A0       A0       10         1
                dataBANK1                            B0       B0        8         1
                nvBANK1                              B8       B8        2         1

        CLASS   BANK2          

        CLASS   RAM            

        CLASS   ABS1           
                abs_s1                               7E       7E        2         1

        CLASS   SFR0           

        CLASS   SFR1           

        CLASS   SFR2           

        CLASS   SFR3           

        CLASS   CONFIG         
                config                             2007     2007        1         0

        CLASS   IDLOC          

        CLASS   EEDATA         

        CLASS   BANK3          



SEGMENTS        Name                           Load    Length   Top    Selector   Space  Class     Delta

                reset_vec                      000000  000001  000001         0       0  CODE        2
                intentry                       000004  0006BA  0006BE         8       0  CODE        2
                cstackBANK0                    000020  000050  000070        20       1  BANK0       1
                cstackCOMMON                   000070  00000E  00007E        70       1  COMMON      1
                cstackBANK1                    0000A0  00001A  0000BA        A0       1  BANK1       1
                config                         002007  000001  002008      400E       0  CONFIG      2


UNUSED ADDRESS RANGES

        Name                Unused          Largest block    Delta
        BANK1            00BA-00EF             36           1
        BANK2            0120-016F             50           1
        CODE             0001-0003              3           2
                         06BE-07FF            142
        CONST            0001-0003              3           2
                         06BE-07FF             42
        EEDATA           2100-21FF            100           2
        ENTRY            0001-0003              3           2
                         06BE-07FF             42
        IDLOC            2000-2003              4           2
        RAM              00BA-00EF             36           1
                         0120-016F             50
        SFR0             0000-001F             20           1
        SFR1             0080-009F             20           1
        SFR2             0100-011F             20           1
        SFR3             0180-01EF             70           1
        STACK            0120-016F             50           1
        STRCODE          0001-0003              3           2
                         06BE-07FF            142
        STRING           0001-0003              3           2
                         06BE-07FF             42

                                  Symbol Table

?___altoft               cstackBANK0  0056
?___ftadd                cstackBANK0  006A
?___ftdiv                cstackBANK0  0028
?___ftmul                cstackBANK0  0038
?___ftneg                cstackBANK0  0067
?___ftpack               cstackBANK0  0020
?___fttol                cstackBANK0  0048
?___lwtoft               cstackBANK0  0028
?_round                  cstackBANK1  00A7
?_trunc                  cstackBANK0  005E
_ADCON1                  (abs)        009F
_CCP1M2                  (abs)        00BA
_CCP1M3                  (abs)        00BB
_CCP1X                   (abs)        00BD
_CCP1Y                   (abs)        00BC
_CCPR1L                  (abs)        0015
_GIE                     (abs)        005F
_IRCF0                   (abs)        047C
_IRCF1                   (abs)        047D
_IRCF2                   (abs)        047E
_PORTA                   (abs)        0005
_PR2                     (abs)        0092
_T0CS                    (abs)        040D
_T2CKPS0                 (abs)        0090
_T2CKPS1                 (abs)        0091
_TMR0IE                  (abs)        005D
_TMR0IF                  (abs)        005A
_TMR2ON                  (abs)        0092
_TRISA                   (abs)        0085
_TRISB                   (abs)        0086
__CFG_CCPMX$RB3          (abs)        0000
__CFG_FOSC$HS            (abs)        0000
__CFG_LVP$OFF            (abs)        0000
__CFG_PWRTE$ON           (abs)        0000
__CFG_WDTE$OFF           (abs)        0000
__Habs1                  abs1         0000
__Hbank0                 bank0        0000
__Hbank1                 bank1        0000
__Hbank2                 bank2        0000
__Hbank3                 bank3        0000
__HbssCOMMON             bssCOMMON    0000
__Hcinit                 cinit        002B
__Hclrtext               clrtext      0000
__Hcode                  code         0000
__Hcommon                common       0000
__Hconfig                config       2008
__HcstackBANK0           cstackBANK0  0000
__HcstackBANK1           cstackBANK1  0000
__HcstackCOMMON          cstackCOMMON 0000
__HdataBANK1             dataBANK1    0000
__HdataCOMMON            dataCOMMON   0000
__Heeprom_data           eeprom_data  0000
__Hend_init              end_init     0011
__Hfunctab               functab      0000
__HidataBANK1            idataBANK1   0000
__HidataCOMMON           idataCOMMON  0000
__Hidloc                 idloc        0000
__Hinit                  init         0010
__Hintentry              intentry     0010
__Hmaintext              maintext     0000
__HnvBANK1               nvBANK1      0000
__HnvCOMMON              nvCOMMON     0000
__Hpowerup               powerup      0000
__Hram                   ram          0000
__Hreset_vec             reset_vec    0001
__Hsfr0                  sfr0         0000
__Hsfr1                  sfr1         0000
__Hsfr2                  sfr2         0000
__Hsfr3                  sfr3         0000
__Hspace_0               (abs)        2008
__Hspace_1               (abs)        00BA
__Hspace_2               (abs)        0000
__Hspace_3               (abs)        0000
__Hstack                 stack        0000
__Hstrings               strings      0000
__Htext                  text         0000
__Labs1                  abs1         0000
__Lbank0                 bank0        0000
__Lbank1                 bank1        0000
__Lbank2                 bank2        0000
__Lbank3                 bank3        0000
__LbssCOMMON             bssCOMMON    0000
__Lcinit                 cinit        0011
__Lclrtext               clrtext      0000
__Lcode                  code         0000
__Lcommon                common       0000
__Lconfig                config       2007
__LcstackBANK0           cstackBANK0  0000
__LcstackBANK1           cstackBANK1  0000
__LcstackCOMMON          cstackCOMMON 0000
__LdataBANK1             dataBANK1    0000
__LdataCOMMON            dataCOMMON   0000
__Leeprom_data           eeprom_data  0000
__Lend_init              end_init     0010
__Lfunctab               functab      0000
__LidataBANK1            idataBANK1   0000
__LidataCOMMON           idataCOMMON  0000
__Lidloc                 idloc        0000
__Linit                  init         0010
__Lintentry              intentry     0004
__Lmaintext              maintext     0000
__LnvBANK1               nvBANK1      0000
__LnvCOMMON              nvCOMMON     0000
__Lpowerup               powerup      0000
__Lram                   ram          0000
__Lreset_vec             reset_vec    0000
__Lsfr0                  sfr0         0000
__Lsfr1                  sfr1         0000
__Lsfr2                  sfr2         0000
__Lsfr3                  sfr3         0000
__Lspace_0               (abs)        0000
__Lspace_1               (abs)        0000
__Lspace_2               (abs)        0000
__Lspace_3               (abs)        0000
__Lstack                 stack        0000
__Lstrings               strings      0000
__Ltext                  text         0000
__S0                     (abs)        2008
__S1                     (abs)        00BA
__S2                     (abs)        0000
__S3                     (abs)        0000
___altoft                text6        058A
___altoft@c              cstackBANK0  0056
___altoft@exp            cstackBANK0  005C
___altoft@sign           cstackBANK0  005D
___ftadd                 text8        002B
___ftadd@exp1            cstackBANK1  00A6
___ftadd@exp2            cstackBANK1  00A5
___ftadd@f1              cstackBANK0  006A
___ftadd@f2              cstackBANK0  006D
___ftadd@sign            cstackBANK1  00A4
___ftdiv                 text11       024E
___ftdiv@cntr            cstackBANK0  0032
___ftdiv@exp             cstackBANK0  0036
___ftdiv@f1              cstackBANK0  002B
___ftdiv@f2              cstackBANK0  0028
___ftdiv@f3              cstackBANK0  0033
___ftdiv@sign            cstackBANK0  0037
___ftmul                 text10       017D
___ftmul@cntr            cstackBANK0  0046
___ftmul@exp             cstackBANK0  0042
___ftmul@f1              cstackBANK0  0038
___ftmul@f2              cstackBANK0  003B
___ftmul@f3_as_product   cstackBANK0  0043
___ftmul@sign            cstackBANK0  0047
___ftneg                 text7        06AA
___ftneg@f1              cstackBANK0  0067
___ftpack                text12       04DC
___ftpack@arg            cstackBANK0  0020
___ftpack@exp            cstackBANK0  0023
___ftpack@sign           cstackBANK0  0024
___fttol                 text5        044E
___fttol@exp1            cstackBANK0  0055
___fttol@f1              cstackBANK0  0048
___fttol@lval            cstackBANK0  0051
___fttol@sign1           cstackBANK0  0050
___int_sp                stack        0000
___latbits               (abs)        0000
___lwtoft                text9        0683
___lwtoft@c              cstackBANK0  0028
___sp                    stack        0000
__end_of___altoft        text6        05CA
__end_of___ftadd         text8        017D
__end_of___ftdiv         text11       0304
__end_of___ftmul         text10       024E
__end_of___ftneg         text7        06B4
__end_of___ftpack        text12       054A
__end_of___fttol         text5        04DC
__end_of___lwtoft        text9        0699
__end_of__initialization cinit        0029
__end_of_advance_wave    text14       063B
__end_of_frexp           text4        0606
__end_of_isr             text13       06AA
__end_of_main            maintext     03AC
__end_of_round           text2        044E
__end_of_trunc           text3        058A
__end_of_update_duty     text1        0660
__end_ofi1_update_duty   text15       0683
__initialization         cinit        0011
__pbssCOMMON             bssCOMMON    007A
__pcstackBANK0           cstackBANK0  0020
__pcstackBANK1           cstackBANK1  00A0
__pcstackCOMMON          cstackCOMMON 0070
__pdataBANK1             dataBANK1    00B0
__pdataCOMMON            dataCOMMON   007C
__pidataBANK1            idataBANK1   06B4
__pidataCOMMON           idataCOMMON  06BC
__pintentry              intentry     0004
__pmaintext              maintext     0304
__pnvBANK1               nvBANK1      00B8
__pnvCOMMON              nvCOMMON     0078
__ptext1                 text1        063B
__ptext10                text10       017D
__ptext11                text11       024E
__ptext12                text12       04DC
__ptext13                text13       0699
__ptext14                text14       0606
__ptext15                text15       0660
__ptext2                 text2        03AC
__ptext3                 text3        054A
__ptext4                 text4        05CA
__ptext5                 text5        044E
__ptext6                 text6        058A
__ptext7                 text7        06AA
__ptext8                 text8        002B
__ptext9                 text9        0683
__size_of___altoft       (abs)        0000
__size_of___ftadd        (abs)        0000
__size_of___ftdiv        (abs)        0000
__size_of___ftmul        (abs)        0000
__size_of___ftneg        (abs)        0000
__size_of___ftpack       (abs)        0000
__size_of___fttol        (abs)        0000
__size_of___lwtoft       (abs)        0000
__size_of_advance_wave   (abs)        0000
__size_of_frexp          (abs)        0000
__size_of_isr            (abs)        0000
__size_of_main           (abs)        0000
__size_of_round          (abs)        0000
__size_of_trunc          (abs)        0000
__size_of_update_duty    (abs)        0000
__size_ofi1_update_duty  (abs)        0000
_advance_wave            text14       0606
_delta                   nvCOMMON     0078
_duty                    nvBANK1      00B8
_duty_max                dataCOMMON   007C
_duty_max2               dataBANK1    00B6
_freq                    dataBANK1    00B0
_frexp                   text4        05CA
_isr                     text13       0699
_main                    maintext     0304
_main$500                cstackBANK1  00AD
_round                   text2        03AC
_sample_rate             dataBANK1    00B3
_trunc                   text3        054A
_update_duty             text1        063B
btemp                    (abs)        007E
end_of_initialization    cinit        0029
frexp@eptr               cstackBANK0  0023
frexp@value              cstackBANK0  0020
i1_update_duty           text15       0660
i1update_duty@value      cstackCOMMON 0070
interrupt_function       intentry     0004
intlevel0                functab      0000
intlevel1                functab      0000
intlevel2                functab      0000
intlevel3                functab      0000
intlevel4                functab      0000
intlevel5                functab      0000
ltemp                    (abs)        007E
ltemp0                   (abs)        007E
ltemp1                   (abs)        0082
ltemp2                   (abs)        0086
ltemp3                   (abs)        0080
reset_vec                reset_vec    0000
round@f                  cstackBANK1  00AA
round@x                  cstackBANK1  00A7
saved_w                  (abs)        007E
stackhi                  (abs)        0000
stacklo                  (abs)        0000
start                    init         0010
start_initialization     cinit        0011
trunc@expon              cstackBANK0  0065
trunc@i                  cstackBANK0  0062
trunc@x                  cstackBANK0  005E
ttemp                    (abs)        007E
ttemp0                   (abs)        007E
ttemp1                   (abs)        0081
ttemp2                   (abs)        0084
ttemp3                   (abs)        0087
ttemp4                   (abs)        007F
update_duty@value        cstackBANK0  0020
wtemp                    (abs)        007E
wtemp0                   (abs)        007E
wtemp1                   (abs)        0080
wtemp2                   (abs)        0082
wtemp3                   (abs)        0084
wtemp4                   (abs)        0086
wtemp5                   (abs)        0088
wtemp6                   (abs)        007F


FUNCTION INFORMATION:

 *************** function _main *****************
 Defined at:
		line 43 in file "main.c"
 Parameters:    Size  Location     Type
		None
 Auto vars:     Size  Location     Type
		None
 Return value:  Size  Location     Type
                  1    wreg      void 
 Registers used:
		wreg, fsr0l, fsr0h, status,2, status,0, btemp+1, pclath, cstack
 Tracked objects:
		On entry : 
		On exit  : 
		Unchanged: 
 Data sizes:     COMMON   BANK0   BANK1   BANK2
      Params:         0       0       0       0
      Locals:         0       0       3       0
      Temps:          0       0       0       0
      Totals:         0       0       3       0
Total ram usage:        3 bytes
 Hardware stack levels required when called:    7
 This function calls:
		___ftdiv
		___ftmul
		___fttol
		___lwtoft
		_round
		_update_duty
 This function is called by:
		Startup code after reset
 This function uses a non-reentrant model


 *************** function _update_duty *****************
 Defined at:
		line 27 in file "main.c"
 Parameters:    Size  Location     Type
  value           2    0[BANK0 ] unsigned int 
 Auto vars:     Size  Location     Type
		None
 Return value:  Size  Location     Type
                  1    wreg      void 
 Registers used:
		wreg, status,2, status,0
 Tracked objects:
		On entry : 
		On exit  : 
		Unchanged: 
 Data sizes:     COMMON   BANK0   BANK1   BANK2
      Params:         0       2       0       0
      Locals:         0       0       0       0
      Temps:          0       0       0       0
      Totals:         0       2       0       0
Total ram usage:        2 bytes
 Hardware stack levels used:    1
 Hardware stack levels required when called:    3
 This function calls:
		Nothing
 This function is called by:
		_main
 This function uses a non-reentrant model


 *************** function _round *****************
 Defined at:
		line 6 in file "C:\Program Files (x86)\Microchip\xc8\v1.37\sources\common\round.c"
 Parameters:    Size  Location     Type
  x               3    7[BANK1 ] void 
 Auto vars:     Size  Location     Type
  f               3   10[BANK1 ] void 
 Return value:  Size  Location     Type
                  3    7[BANK1 ] void 
 Registers used:
		wreg, fsr0l, fsr0h, status,2, status,0, btemp+1, pclath, cstack
 Tracked objects:
		On entry : 
		On exit  : 
		Unchanged: 
 Data sizes:     COMMON   BANK0   BANK1   BANK2
      Params:         0       0       3       0
      Locals:         0       0       3       0
      Temps:          0       0       0       0
      Totals:         0       0       6       0
Total ram usage:        6 bytes
 Hardware stack levels used:    1
 Hardware stack levels required when called:    6
 This function calls:
		___ftadd
		___ftneg
		_trunc
 This function is called by:
		_main
 This function uses a non-reentrant model


 *************** function _trunc *****************
 Defined at:
		line 13 in file "C:\Program Files (x86)\Microchip\xc8\v1.37\sources\common\trunc.c"
 Parameters:    Size  Location     Type
  x               3   62[BANK0 ] void 
 Auto vars:     Size  Location     Type
  i               3   66[BANK0 ] void 
  expon           2   69[BANK0 ] int 
 Return value:  Size  Location     Type
                  3   62[BANK0 ] int 
 Registers used:
		wreg, fsr0l, fsr0h, status,2, status,0, btemp+1, pclath, cstack
 Tracked objects:
		On entry : 
		On exit  : 
		Unchanged: 
 Data sizes:     COMMON   BANK0   BANK1   BANK2
      Params:         0       3       0       0
      Locals:         0       5       0       0
      Temps:          0       1       0       0
      Totals:         0       9       0       0
Total ram usage:        9 bytes
 Hardware stack levels used:    1
 Hardware stack levels required when called:    5
 This function calls:
		___altoft
		___fttol
		_frexp
 This function is called by:
		_round
 This function uses a non-reentrant model


 *************** function _frexp *****************
 Defined at:
		line 254 in file "C:\Program Files (x86)\Microchip\xc8\v1.37\sources\common\frexp.c"
 Parameters:    Size  Location     Type
  value           3    0[BANK0 ] int 
  eptr            1    3[BANK0 ] PTR int 
		 -> trunc@expon(2), 
 Auto vars:     Size  Location     Type
		None
 Return value:  Size  Location     Type
                  3    0[BANK0 ] PTR int 
 Registers used:
		wreg, fsr0l, fsr0h, status,2, status,0, btemp+1
 Tracked objects:
		On entry : 
		On exit  : 
		Unchanged: 
 Data sizes:     COMMON   BANK0   BANK1   BANK2
      Params:         0       4       0       0
      Locals:         0       0       0       0
      Temps:          0       2       0       0
      Totals:         0       6       0       0
Total ram usage:        6 bytes
 Hardware stack levels used:    1
 Hardware stack levels required when called:    3
 This function calls:
		Nothing
 This function is called by:
		_trunc
 This function uses a non-reentrant model


 *************** function ___fttol *****************
 Defined at:
		line 44 in file "C:\Program Files (x86)\Microchip\xc8\v1.37\sources\common\fttol.c"
 Parameters:    Size  Location     Type
  f1              3   40[BANK0 ] float 
 Auto vars:     Size  Location     Type
  lval            4   49[BANK0 ] unsigned long 
  exp1            1   53[BANK0 ] unsigned char 
  sign1           1   48[BANK0 ] unsigned char 
 Return value:  Size  Location     Type
                  4   40[BANK0 ] long 
 Registers used:
		wreg, status,2, status,0
 Tracked objects:
		On entry : 
		On exit  : 
		Unchanged: 
 Data sizes:     COMMON   BANK0   BANK1   BANK2
      Params:         0       4       0       0
      Locals:         0       6       0       0
      Temps:          0       4       0       0
      Totals:         0      14       0       0
Total ram usage:       14 bytes
 Hardware stack levels used:    1
 Hardware stack levels required when called:    3
 This function calls:
		Nothing
 This function is called by:
		_main
		_trunc
		_convert_to_duty
 This function uses a non-reentrant model


 *************** function ___altoft *****************
 Defined at:
		line 42 in file "C:\Program Files (x86)\Microchip\xc8\v1.37\sources\common\altoft.c"
 Parameters:    Size  Location     Type
  c               4   54[BANK0 ] long 
 Auto vars:     Size  Location     Type
  sign            1   61[BANK0 ] unsigned char 
  exp             1   60[BANK0 ] unsigned char 
 Return value:  Size  Location     Type
                  3   54[BANK0 ] float 
 Registers used:
		wreg, status,2, status,0, pclath, cstack
 Tracked objects:
		On entry : 
		On exit  : 
		Unchanged: 
 Data sizes:     COMMON   BANK0   BANK1   BANK2
      Params:         0       4       0       0
      Locals:         0       2       0       0
      Temps:          0       2       0       0
      Totals:         0       8       0       0
Total ram usage:        8 bytes
 Hardware stack levels used:    1
 Hardware stack levels required when called:    4
 This function calls:
		___ftpack
 This function is called by:
		_trunc
 This function uses a non-reentrant model


 *************** function ___ftneg *****************
 Defined at:
		line 15 in file "C:\Program Files (x86)\Microchip\xc8\v1.37\sources\common\ftneg.c"
 Parameters:    Size  Location     Type
  f1              3   71[BANK0 ] float 
 Auto vars:     Size  Location     Type
		None
 Return value:  Size  Location     Type
                  3   71[BANK0 ] float 
 Registers used:
		wreg
 Tracked objects:
		On entry : 
		On exit  : 
		Unchanged: 
 Data sizes:     COMMON   BANK0   BANK1   BANK2
      Params:         0       3       0       0
      Locals:         0       0       0       0
      Temps:          0       0       0       0
      Totals:         0       3       0       0
Total ram usage:        3 bytes
 Hardware stack levels used:    1
 Hardware stack levels required when called:    3
 This function calls:
		Nothing
 This function is called by:
		_round
 This function uses a non-reentrant model


 *************** function ___ftadd *****************
 Defined at:
		line 86 in file "C:\Program Files (x86)\Microchip\xc8\v1.37\sources\common\ftadd.c"
 Parameters:    Size  Location     Type
  f1              3   74[BANK0 ] float 
  f2              3   77[BANK0 ] float 
 Auto vars:     Size  Location     Type
  exp1            1    6[BANK1 ] unsigned char 
  exp2            1    5[BANK1 ] unsigned char 
  sign            1    4[BANK1 ] unsigned char 
 Return value:  Size  Location     Type
                  3   74[BANK0 ] float 
 Registers used:
		wreg, status,2, status,0, pclath, cstack
 Tracked objects:
		On entry : 
		On exit  : 
		Unchanged: 
 Data sizes:     COMMON   BANK0   BANK1   BANK2
      Params:         0       6       0       0
      Locals:         0       0       3       0
      Temps:          0       0       4       0
      Totals:         0       6       7       0
Total ram usage:       13 bytes
 Hardware stack levels used:    1
 Hardware stack levels required when called:    4
 This function calls:
		___ftpack
 This function is called by:
		_round
 This function uses a non-reentrant model


 *************** function ___lwtoft *****************
 Defined at:
		line 28 in file "C:\Program Files (x86)\Microchip\xc8\v1.37\sources\common\lwtoft.c"
 Parameters:    Size  Location     Type
  c               2    8[BANK0 ] unsigned int 
 Auto vars:     Size  Location     Type
		None
 Return value:  Size  Location     Type
                  3    8[BANK0 ] float 
 Registers used:
		wreg, status,2, status,0, pclath, cstack
 Tracked objects:
		On entry : 
		On exit  : 
		Unchanged: 
 Data sizes:     COMMON   BANK0   BANK1   BANK2
      Params:         0       3       0       0
      Locals:         0       0       0       0
      Temps:          0       1       0       0
      Totals:         0       4       0       0
Total ram usage:        4 bytes
 Hardware stack levels used:    1
 Hardware stack levels required when called:    4
 This function calls:
		___ftpack
 This function is called by:
		_main
		_convert_to_duty
 This function uses a non-reentrant model


 *************** function ___ftmul *****************
 Defined at:
		line 62 in file "C:\Program Files (x86)\Microchip\xc8\v1.37\sources\common\ftmul.c"
 Parameters:    Size  Location     Type
  f1              3   24[BANK0 ] float 
  f2              3   27[BANK0 ] float 
 Auto vars:     Size  Location     Type
  f3_as_produc    3   35[BANK0 ] unsigned um
  sign            1   39[BANK0 ] unsigned char 
  cntr            1   38[BANK0 ] unsigned char 
  exp             1   34[BANK0 ] unsigned char 
 Return value:  Size  Location     Type
                  3   24[BANK0 ] float 
 Registers used:
		wreg, status,2, status,0, pclath, cstack
 Tracked objects:
		On entry : 
		On exit  : 
		Unchanged: 
 Data sizes:     COMMON   BANK0   BANK1   BANK2
      Params:         0       6       0       0
      Locals:         0       6       0       0
      Temps:          0       4       0       0
      Totals:         0      16       0       0
Total ram usage:       16 bytes
 Hardware stack levels used:    1
 Hardware stack levels required when called:    4
 This function calls:
		___ftpack
 This function is called by:
		_main
		_convert_to_duty
 This function uses a non-reentrant model


 *************** function ___ftdiv *****************
 Defined at:
		line 56 in file "C:\Program Files (x86)\Microchip\xc8\v1.37\sources\common\ftdiv.c"
 Parameters:    Size  Location     Type
  f2              3    8[BANK0 ] float 
  f1              3   11[BANK0 ] float 
 Auto vars:     Size  Location     Type
  f3              3   19[BANK0 ] float 
  sign            1   23[BANK0 ] unsigned char 
  exp             1   22[BANK0 ] unsigned char 
  cntr            1   18[BANK0 ] unsigned char 
 Return value:  Size  Location     Type
                  3    8[BANK0 ] float 
 Registers used:
		wreg, status,2, status,0, pclath, cstack
 Tracked objects:
		On entry : 
		On exit  : 
		Unchanged: 
 Data sizes:     COMMON   BANK0   BANK1   BANK2
      Params:         0       6       0       0
      Locals:         0       6       0       0
      Temps:          0       4       0       0
      Totals:         0      16       0       0
Total ram usage:       16 bytes
 Hardware stack levels used:    1
 Hardware stack levels required when called:    4
 This function calls:
		___ftpack
 This function is called by:
		_main
 This function uses a non-reentrant model


 *************** function ___ftpack *****************
 Defined at:
		line 62 in file "C:\Program Files (x86)\Microchip\xc8\v1.37\sources\common\float.c"
 Parameters:    Size  Location     Type
  arg             3    0[BANK0 ] unsigned um
  exp             1    3[BANK0 ] unsigned char 
  sign            1    4[BANK0 ] unsigned char 
 Auto vars:     Size  Location     Type
		None
 Return value:  Size  Location     Type
                  3    0[BANK0 ] float 
 Registers used:
		wreg, status,2, status,0
 Tracked objects:
		On entry : 
		On exit  : 
		Unchanged: 
 Data sizes:     COMMON   BANK0   BANK1   BANK2
      Params:         0       5       0       0
      Locals:         0       0       0       0
      Temps:          0       3       0       0
      Totals:         0       8       0       0
Total ram usage:        8 bytes
 Hardware stack levels used:    1
 Hardware stack levels required when called:    3
 This function calls:
		Nothing
 This function is called by:
		___altoft
		___ftadd
		___ftdiv
		___ftmul
		___lwtoft
 This function uses a non-reentrant model


 *************** function _isr *****************
 Defined at:
		line 116 in file "main.c"
 Parameters:    Size  Location     Type
		None
 Auto vars:     Size  Location     Type
		None
 Return value:  Size  Location     Type
                  1    wreg      void 
 Registers used:
		wreg, status,2, status,0, pclath, cstack
 Tracked objects:
		On entry : 
		On exit  : 
		Unchanged: 
 Data sizes:     COMMON   BANK0   BANK1   BANK2
      Params:         0       0       0       0
      Locals:         0       0       0       0
      Temps:          4       0       0       0
      Totals:         4       0       0       0
Total ram usage:        4 bytes
 Hardware stack levels used:    1
 Hardware stack levels required when called:    2
 This function calls:
		_advance_wave
 This function is called by:
		Interrupt level 1
 This function uses a non-reentrant model


 *************** function _advance_wave *****************
 Defined at:
		line 97 in file "main.c"
 Parameters:    Size  Location     Type
		None
 Auto vars:     Size  Location     Type
		None
 Return value:  Size  Location     Type
                  1    wreg      void 
 Registers used:
		wreg, status,2, status,0, pclath, cstack
 Tracked objects:
		On entry : 
		On exit  : 
		Unchanged: 
 Data sizes:     COMMON   BANK0   BANK1   BANK2
      Params:         0       0       0       0
      Locals:         0       0       0       0
      Temps:          2       0       0       0
      Totals:         2       0       0       0
Total ram usage:        2 bytes
 Hardware stack levels used:    1
 Hardware stack levels required when called:    1
 This function calls:
		i1_update_duty
 This function is called by:
		_isr
 This function uses a non-reentrant model


 *************** function i1_update_duty *****************
 Defined at:
		line 27 in file "main.c"
 Parameters:    Size  Location     Type
  value           2    0[COMMON] unsigned int 
 Auto vars:     Size  Location     Type
		None
 Return value:  Size  Location     Type
                  1    wreg      void 
 Registers used:
		wreg, status,2, status,0
 Tracked objects:
		On entry : 
		On exit  : 
		Unchanged: 
 Data sizes:     COMMON   BANK0   BANK1   BANK2
      Params:         2       0       0       0
      Locals:         0       0       0       0
      Temps:          0       0       0       0
      Totals:         2       0       0       0
Total ram usage:        2 bytes
 Hardware stack levels used:    1
 This function calls:
		Nothing
 This function is called by:
		_advance_wave
 This function uses a non-reentrant model



MODULE INFORMATION

Module		Function		Class		Link	Load	Size
C:\Program Files (x86)\Microchip\xc8\v1.37\sources\common\altoft.c
		___altoft      		CODE           	058A	0000	65

C:\Program Files (x86)\Microchip\xc8\v1.37\sources\common\altoft.c estimated size: 65

C:\Program Files (x86)\Microchip\xc8\v1.37\sources\common\ftdiv.c
		___ftdiv       		CODE           	024E	0000	183

C:\Program Files (x86)\Microchip\xc8\v1.37\sources\common\ftdiv.c estimated size: 183

C:\Program Files (x86)\Microchip\xc8\v1.37\sources\common\fttol.c
		___fttol       		CODE           	044E	0000	143

C:\Program Files (x86)\Microchip\xc8\v1.37\sources\common\fttol.c estimated size: 143

C:\Program Files (x86)\Microchip\xc8\v1.37\sources\common\ftadd.c
		___ftadd       		CODE           	002B	0000	339

C:\Program Files (x86)\Microchip\xc8\v1.37\sources\common\ftadd.c estimated size: 339

C:\Program Files (x86)\Microchip\xc8\v1.37\sources\common\trunc.c
		_trunc         		CODE           	054A	0000	65

C:\Program Files (x86)\Microchip\xc8\v1.37\sources\common\trunc.c estimated size: 65

C:\Program Files (x86)\Microchip\xc8\v1.37\sources\common\ftneg.c
		___ftneg       		CODE           	06AA	0000	11

C:\Program Files (x86)\Microchip\xc8\v1.37\sources\common\ftneg.c estimated size: 11

shared
		__initialization		CODE           	0011	0000	25
		i1_update_duty 		CODE           	0660	0000	36

shared estimated size: 61

C:\Program Files (x86)\Microchip\xc8\v1.37\sources\common\round.c
		_round         		CODE           	03AC	0000	163

C:\Program Files (x86)\Microchip\xc8\v1.37\sources\common\round.c estimated size: 163

C:\Program Files (x86)\Microchip\xc8\v1.37\sources\common\frexp.c
		_frexp         		CODE           	05CA	0000	61

C:\Program Files (x86)\Microchip\xc8\v1.37\sources\common\frexp.c estimated size: 61

C:\Program Files (x86)\Microchip\xc8\v1.37\sources\common\float.c
		___ftpack      		CODE           	04DC	0000	111

C:\Program Files (x86)\Microchip\xc8\v1.37\sources\common\float.c estimated size: 111

main.c
		_advance_wave  		CODE           	0606	0000	54
		_main          		CODE           	0304	0000	169
		_update_duty   		CODE           	063B	0000	38
		_isr           		CODE           	0699	0000	18

main.c estimated size: 279

C:\Program Files (x86)\Microchip\xc8\v1.37\sources\common\lwtoft.c
		___lwtoft      		CODE           	0683	0000	23

C:\Program Files (x86)\Microchip\xc8\v1.37\sources\common\lwtoft.c estimated size: 23

C:\Program Files (x86)\Microchip\xc8\v1.37\sources\common\ftmul.c
		___ftmul       		CODE           	017D	0000	210

C:\Program Files (x86)\Microchip\xc8\v1.37\sources\common\ftmul.c estimated size: 210

